// Jest Snapshot v1, https://goo.gl/fbAQLP

exports[`<App/> <VoterPage/> should render 1`] = `
<div
  className="css-0"
  id="VoterPage"
>
  <div
    className="css-9jay18"
    id="VoterPagePercentageSection"
  >
    <h2
      className="chakra-heading css-175t7kh"
    >
      Top Segment of All Voters: dem - 798647 - 77.13%
    </h2>
    <h2
      className="chakra-heading css-175t7kh"
    >
      Percentage of All Voters that are  - NaN - NaN%
    </h2>
    <div
      className="chakra-select__wrapper css-42jcko"
    >
      <select
        className="chakra-select css-1ik61og"
        id="VoterPageSegmentDropDown"
        onBlur={[Function]}
        onChange={[Function]}
        onFocus={[Function]}
        value=""
      >
        <option
          value=""
        >
          Select Segment
        </option>
        <option
          value="dem"
        >
          dem
        </option>
        <option
          value="rep"
        >
          rep
        </option>
        <option
          value="other_party"
        >
          other_party
        </option>
        <option
          value="total"
        >
          total
        </option>
        <option
          value="white"
        >
          white
        </option>
        <option
          value="black"
        >
          black
        </option>
        <option
          value="hispanic"
        >
          hispanic
        </option>
        <option
          value="other_race"
        >
          other_race
        </option>
        <option
          value="male"
        >
          male
        </option>
        <option
          value="female"
        >
          female
        </option>
        <option
          value="unknown_sex"
        >
          unknown_sex
        </option>
      </select>
      <div
        className="chakra-select__icon-wrapper css-162mkon"
      >
        <svg
          aria-hidden={true}
          className="chakra-select__icon"
          focusable={false}
          role="presentation"
          style={
            {
              "color": "currentColor",
              "height": "1em",
              "width": "1em",
            }
          }
          viewBox="0 0 24 24"
        >
          <path
            d="M16.59 8.59L12 13.17 7.41 8.59 6 10l6 6 6-6z"
            fill="currentColor"
          />
        </svg>
      </div>
    </div>
  </div>
  <div
    className="chakra-table__container css-2l2gn2"
    id="VoterPageTable"
  >
    <table
      className="chakra-table css-0"
    >
      <caption
        className="css-18i7bby"
      >
        Philadelphia Qualified Voter Listing 2018
      </caption>
      <thead
        className="css-0"
      >
        <tr
          className="css-0"
        >
          <th
            className="css-0"
          >
            dem
          </th>
          <th
            className="css-0"
          >
            rep
          </th>
          <th
            className="css-0"
          >
            other_party
          </th>
          <th
            className="css-0"
          >
            total
          </th>
          <th
            className="css-0"
          >
            white
          </th>
          <th
            className="css-0"
          >
            black
          </th>
          <th
            className="css-0"
          >
            hispanic
          </th>
          <th
            className="css-0"
          >
            other_race
          </th>
          <th
            className="css-0"
          >
            male
          </th>
          <th
            className="css-0"
          >
            female
          </th>
          <th
            className="css-0"
          >
            unknown_sex
          </th>
          <th
            className="css-0"
          >
            %
          </th>
        </tr>
      </thead>
      <tbody
        className="css-0"
      >
        <tr
          className="css-0"
        >
          <td
            className="css-0"
          >
            798647
          </td>
          <td
            className="css-0"
          >
            116884
          </td>
          <td
            className="css-0"
          >
            119889
          </td>
          <td
            className="css-0"
          >
            1035420
          </td>
          <td
            className="css-0"
          >
            189630
          </td>
          <td
            className="css-0"
          >
            291084
          </td>
          <td
            className="css-0"
          >
            69485
          </td>
          <td
            className="css-0"
          >
            33868
          </td>
          <td
            className="css-0"
          >
            337264
          </td>
          <td
            className="css-0"
          >
            417251
          </td>
          <td
            className="css-0"
          >
            280905
          </td>
          <td
            className="css-0"
          >
            NaN
          </td>
        </tr>
      </tbody>
    </table>
  </div>
</div>
`;

exports[`<VoterPage/> <VoterPage/> first tag should be be <div/> and should match snapshot 1`] = `
<div
  className="css-0"
  id="VoterPage"
>
  <div
    className="css-9jay18"
    id="VoterPagePercentageSection"
  >
    <h2
      className="chakra-heading css-175t7kh"
    >
      Top Segment of All Voters: dem - 798647 - 77.13%
    </h2>
    <h2
      className="chakra-heading css-175t7kh"
    >
      Percentage of All Voters that are  - NaN - NaN%
    </h2>
    <div
      className="chakra-select__wrapper css-42jcko"
    >
      <select
        className="chakra-select css-1ik61og"
        id="VoterPageSegmentDropDown"
        onBlur={[Function]}
        onChange={[Function]}
        onFocus={[Function]}
        value=""
      >
        <option
          value=""
        >
          Select Segment
        </option>
        <option
          value="dem"
        >
          dem
        </option>
        <option
          value="rep"
        >
          rep
        </option>
        <option
          value="other_party"
        >
          other_party
        </option>
        <option
          value="total"
        >
          total
        </option>
        <option
          value="white"
        >
          white
        </option>
        <option
          value="black"
        >
          black
        </option>
        <option
          value="hispanic"
        >
          hispanic
        </option>
        <option
          value="other_race"
        >
          other_race
        </option>
        <option
          value="male"
        >
          male
        </option>
        <option
          value="female"
        >
          female
        </option>
        <option
          value="unknown_sex"
        >
          unknown_sex
        </option>
      </select>
      <div
        className="chakra-select__icon-wrapper css-162mkon"
      >
        <svg
          aria-hidden={true}
          className="chakra-select__icon"
          focusable={false}
          role="presentation"
          style={
            {
              "color": "currentColor",
              "height": "1em",
              "width": "1em",
            }
          }
          viewBox="0 0 24 24"
        >
          <path
            d="M16.59 8.59L12 13.17 7.41 8.59 6 10l6 6 6-6z"
            fill="currentColor"
          />
        </svg>
      </div>
    </div>
  </div>
  <div
    className="chakra-table__container css-2l2gn2"
    id="VoterPageTable"
  >
    <table
      className="chakra-table css-0"
    >
      <caption
        className="css-18i7bby"
      >
        Philadelphia Qualified Voter Listing 2018
      </caption>
      <thead
        className="css-0"
      >
        <tr
          className="css-0"
        >
          <th
            className="css-0"
          >
            dem
          </th>
          <th
            className="css-0"
          >
            rep
          </th>
          <th
            className="css-0"
          >
            other_party
          </th>
          <th
            className="css-0"
          >
            total
          </th>
          <th
            className="css-0"
          >
            white
          </th>
          <th
            className="css-0"
          >
            black
          </th>
          <th
            className="css-0"
          >
            hispanic
          </th>
          <th
            className="css-0"
          >
            other_race
          </th>
          <th
            className="css-0"
          >
            male
          </th>
          <th
            className="css-0"
          >
            female
          </th>
          <th
            className="css-0"
          >
            unknown_sex
          </th>
          <th
            className="css-0"
          >
            %
          </th>
        </tr>
      </thead>
      <tbody
        className="css-0"
      >
        <tr
          className="css-0"
        >
          <td
            className="css-0"
          >
            798647
          </td>
          <td
            className="css-0"
          >
            116884
          </td>
          <td
            className="css-0"
          >
            119889
          </td>
          <td
            className="css-0"
          >
            1035420
          </td>
          <td
            className="css-0"
          >
            189630
          </td>
          <td
            className="css-0"
          >
            291084
          </td>
          <td
            className="css-0"
          >
            69485
          </td>
          <td
            className="css-0"
          >
            33868
          </td>
          <td
            className="css-0"
          >
            337264
          </td>
          <td
            className="css-0"
          >
            417251
          </td>
          <td
            className="css-0"
          >
            280905
          </td>
          <td
            className="css-0"
          >
            NaN
          </td>
        </tr>
      </tbody>
    </table>
  </div>
</div>
`;
